// Vitest Snapshot v1, https://vitest.dev/guide/snapshot.html

exports[`API (v1) > GET /v1/books > success 1`] = `
{
  "books": [
    {
      "author": "Test Author",
      "id": "04e3d6d9-8e83-4351-8f5b-59d597d0c9f7",
      "title": "My test title",
    },
  ],
  "total": 1,
}
`;

exports[`API (v1) > GET /v1/books/:id > not found 1`] = `
{
  "code": "NOT_FOUND",
  "message": "Book with ID 'not-found' not found",
}
`;

exports[`API (v1) > GET /v1/books/:id > success 1`] = `
{
  "id": "04e3d6d9-8e83-4351-8f5b-59d597d0c9f7",
}
`;

exports[`API (v1) > POST /v1/books > invalid payload 1`] = `
{
  "code": "VALIDATION_ERROR",
  "message": {
    "title": [
      "Invalid key: Expected "title" but received undefined",
    ],
  },
}
`;

exports[`API (v1) > POST /v1/books > success 1`] = `
{
  "message": "ok",
}
`;
