// Jest Snapshot v1, https://goo.gl/fbAQLP

exports[`<Meta> renders proper HTML 1`] = `
<head>
  <meta
    charset="utf-8"
  />
  <meta
    content="width=device-width"
    name="viewport"
  />
  <link
    href="/apple-touch-icon.png"
    rel="apple-touch-icon"
    sizes="180x180"
  />
  <link
    href="/favicon-32x32.png"
    rel="icon"
    sizes="32x32"
    type="image/png"
  />
  <link
    href="/favicon-16x16.png"
    rel="icon"
    sizes="16x16"
    type="image/png"
  />
  <link
    href="/site.webmanifest"
    rel="manifest"
  />
  <meta
    content="#555"
    name="theme-color"
  />
  <meta
    content="template-next-app"
    name="twitter:title"
  />
  <meta
    content="Next.js Template Application"
    name="twitter:description"
  />
  <meta
    content="/android-chrome-512x512.png"
    name="twitter:image"
  />
  <meta
    content="template-next-app"
    property="og:title"
  />
  <meta
    content="Next.js Template Application"
    property="og:description"
  />
  <meta
    content="/android-chrome-512x512.png"
    property="og:image"
  />
  <meta
    content="https://github.com/joelvoss/jvdx-core"
    property="og:url"
  />
  <title>
    template-next-app
  </title>
  <meta
    content="Next.js Template Application"
    name="description"
  />
  <meta
    content="@jvdx/core, Next.js, Template"
    name="keywords"
  />
  <meta
    content="Joel Voss"
    name="author"
  />
</head>
`;
